// Jest Snapshot v1, https://goo.gl/fbAQLP

exports[`atoms/H3 렌더링 되었을 때 스냅샷이 일치해야 한다 1`] = `
<Text
  accessibilityRole="header"
  style={
    [
      {
        "fontSize": 37.44,
        "fontWeight": "bold",
        "marginVertical": 32,
      },
      [
        {
          "fontFamily": "BMJUA",
          "fontSize": 16,
          "marginVertical": 0,
          "paddingBottom": 4,
        },
        {
          "fontWeight": "normal",
        },
        undefined,
        {},
      ],
    ]
  }
>
  Heading 3
</Text>
`;
